2026-10-05 16:25:35,529 INFO 2021-03-15~2021-03-21 저장 0행 (받은 행 18273)
2026-10-05 16:25:44,985 INFO 2021-03-22~2021-03-28 저장 0행 (받은 행 19875)
2026-10-05 16:25:55,492 INFO 2021-03-29~2021-04-04 저장 13994행 (받은 행 18407)
2026-10-05 16:26:02,019 INFO 2021-04-05~2021-04-11 저장 25961행 (받은 행 25961)
2026-10-05 16:26:14,605 INFO 2021-04-12~2021-04-18 저장 27558행 (받은 행 27558)
2026-10-05 16:26:26,246 INFO 2021-04-19~2021-04-25 저장 25989행 (받은 행 25989)
2026-10-05 16:26:38,782 INFO 2021-04-26~2021-05-02 저장 27284행 (받은 행 27284)
2026-10-05 16:26:50,916 INFO 2021-05-03~2021-05-09 저장 27659행 (받은 행 27659)
2026-10-05 16:27:03,116 INFO 2021-05-10~2021-05-16 저장 27643행 (받은 행 27643)
2026-10-05 16:27:15,034 INFO 2021-05-17~2021-05-23 저장 27978행 (받은 행 27978)
2026-10-05 16:27:28,105 INFO 2021-05-24~2021-05-30 저장 26132행 (받은 행 26132)
2026-10-05 16:27:40,808 INFO 2021-05-31~2021-06-06 저장 27985행 (받은 행 27985)
2026-10-05 16:27:53,428 INFO 2021-06-07~2021-06-13 저장 25671행 (받은 행 25671)
2026-10-05 16:28:05,118 INFO 2021-06-14~2021-06-20 저장 28401행 (받은 행 28401)
2026-10-05 16:28:16,767 INFO 2021-06-21~2021-06-27 저장 26822행 (받은 행 26822)
2026-10-05 16:28:29,238 INFO 2021-06-28~2021-07-04 저장 28158행 (받은 행 28158)
2026-10-05 16:28:41,984 INFO 2021-07-05~2021-07-11 저장 28199행 (받은 행 28199)
2026-10-05 16:28:53,857 INFO 2021-07-12~2021-07-18 저장 13125행 (받은 행 13125)
2026-10-05 16:29:05,930 INFO 2021-07-19~2021-07-25 저장 27295행 (받은 행 27295)
2026-10-05 16:29:22,562 INFO 2021-07-26~2021-08-01 저장 27755행 (받은 행 27755)
2026-10-05 16:29:40,581 INFO 2021-08-02~2021-08-08 저장 28604행 (받은 행 28604)
2026-10-05 16:29:57,598 INFO 2021-08-09~2021-08-15 저장 27393행 (받은 행 27393)
2026-10-05 16:30:14,878 INFO 2021-08-16~2021-08-22 저장 27130행 (받은 행 27130)
2026-10-05 16:30:31,986 INFO 2021-08-23~2021-08-29 저장 27066행 (받은 행 27066)
2026-10-05 16:30:49,100 INFO 2021-08-30~2021-09-05 저장 27362행 (받은 행 27362)
2026-10-05 16:31:07,825 INFO 2021-09-06~2021-09-12 저장 28062행 (받은 행 28062)
2026-10-05 16:31:26,070 INFO 2021-09-13~2021-09-19 저장 27422행 (받은 행 27422)
2026-10-05 16:31:45,348 INFO 2021-09-20~2021-09-26 저장 28847행 (받은 행 28847)
2026-10-05 16:32:03,642 INFO 2021-09-27~2021-10-03 저장 26825행 (받은 행 26825)
2026-10-05 16:32:06,708 INFO 2021-10-04~2021-10-05 저장 0행 (받은 행 252)
2026-10-05 16:32:06,798 INFO 2021 시즌: 받은 주 30, 행 712320, 401초, 실패 0주
2026-10-05 16:32:17,505 INFO 2022-03-15~2022-03-21 저장 0행 (받은 행 11811)
2026-10-05 16:32:30,062 INFO 2022-03-22~2022-03-28 저장 0행 (받은 행 19255)
2026-10-05 16:32:41,921 INFO 2022-03-29~2022-04-04 저장 0행 (받은 행 18924)
2026-10-05 16:32:56,519 INFO 2022-04-05~2022-04-11 저장 17455행 (받은 행 20811)
2026-10-05 16:33:14,956 INFO 2022-04-12~2022-04-18 저장 26523행 (받은 행 26523)
2026-10-05 16:33:32,304 INFO 2022-04-19~2022-04-25 저장 26818행 (받은 행 26818)
2026-10-05 16:33:50,078 INFO 2022-04-26~2022-05-02 저장 27987행 (받은 행 27987)
2026-10-05 16:34:06,460 INFO 2022-05-03~2022-05-09 저장 26915행 (받은 행 26915)
2026-10-05 16:34:23,907 INFO 2022-05-10~2022-05-16 저장 28137행 (받은 행 28137)
2026-10-05 16:34:41,860 INFO 2022-05-17~2022-05-23 저장 28427행 (받은 행 28427)
2026-10-05 16:35:00,139 INFO 2022-05-24~2022-05-30 저장 28310행 (받은 행 28310)
2026-10-05 16:35:18,283 INFO 2022-05-31~2022-06-06 저장 27710행 (받은 행 27710)
2026-10-05 16:35:37,085 INFO 2022-06-07~2022-06-13 저장 28750행 (받은 행 28750)
2026-10-05 16:35:48,148 INFO 2022-06-14~2022-06-20 저장 27917행 (받은 행 27917)
2026-10-05 16:36:04,933 INFO 2022-06-21~2022-06-27 저장 27745행 (받은 행 27745)
2026-10-05 16:36:21,503 INFO 2022-06-28~2022-07-04 저장 28981행 (받은 행 28981)
2026-10-05 16:36:37,854 INFO 2022-07-05~2022-07-11 저장 28572행 (받은 행 28572)
2026-10-05 16:36:55,032 INFO 2022-07-12~2022-07-18 저장 25513행 (받은 행 25513)
2026-10-05 16:37:10,711 INFO 2022-07-19~2022-07-25 저장 18745행 (받은 행 18745)
2026-10-05 16:37:27,081 INFO 2022-07-26~2022-08-01 저장 26991행 (받은 행 26991)
2026-10-05 16:37:44,119 INFO 2022-08-02~2022-08-08 저장 27544행 (받은 행 27544)
2026-10-05 16:38:00,950 INFO 2022-08-09~2022-08-15 저장 28364행 (받은 행 28364)
2026-10-05 16:38:17,702 INFO 2022-08-16~2022-08-22 저장 27515행 (받은 행 27515)
2026-10-05 16:38:34,903 INFO 2022-08-23~2022-08-29 저장 27441행 (받은 행 27441)
2026-10-05 16:38:51,794 INFO 2022-08-30~2022-09-05 저장 27740행 (받은 행 27740)
2026-10-05 16:39:08,977 INFO 2022-09-06~2022-09-12 저장 26875행 (받은 행 26875)
2026-10-05 16:39:26,073 INFO 2022-09-13~2022-09-19 저장 27630행 (받은 행 27630)
2026-10-05 16:39:43,058 INFO 2022-09-20~2022-09-26 저장 27141행 (받은 행 27141)
2026-10-05 16:40:00,858 INFO 2022-09-27~2022-10-03 저장 29028행 (받은 행 29028)
2026-10-05 16:40:14,272 INFO 2022-10-04~2022-10-05 저장 9436행 (받은 행 9436)
2026-10-05 16:40:14,363 INFO 2022 시즌: 받은 주 30, 행 710210, 488초, 실패 0주
2026-10-05 16:40:27,935 INFO 2023-03-15~2023-03-21 저장 0행 (받은 행 20360)
2026-10-05 16:40:41,000 INFO 2023-03-22~2023-03-28 저장 0행 (받은 행 21116)
2026-10-05 16:40:56,434 INFO 2023-03-29~2023-04-04 저장 23389행 (받은 행 23389)
2026-10-05 16:41:10,916 INFO 2023-04-05~2023-04-11 저장 27403행 (받은 행 27403)
2026-10-05 16:41:29,134 INFO 2023-04-12~2023-04-18 저장 28235행 (받은 행 28235)
2026-10-05 16:41:46,771 INFO 2023-04-19~2023-04-25 저장 27461행 (받은 행 27461)
2026-10-05 16:42:02,890 INFO 2023-04-26~2023-05-02 저장 26560행 (받은 행 26560)
2026-10-05 16:42:17,511 INFO 2023-05-03~2023-05-09 저장 28495행 (받은 행 28495)
2026-10-05 16:42:30,384 WARNING 2023-05-10~2023-05-16 실패: ('Connection broken: IncompleteRead(2249310 bytes read, 566770 more expected)', IncompleteRead(2249310 bytes read, 566770 more expected))
2026-10-05 16:42:47,085 INFO 2023-05-17~2023-05-23 저장 27342행 (받은 행 27342)
2026-10-05 16:43:02,809 INFO 2023-05-24~2023-05-30 저장 28512행 (받은 행 28512)
2026-10-05 16:43:17,420 INFO 2023-05-31~2023-06-06 저장 26319행 (받은 행 26319)
2026-10-05 16:43:32,139 INFO 2023-06-07~2023-06-13 저장 27222행 (받은 행 27222)
2026-10-05 16:43:45,019 INFO 2023-06-14~2023-06-20 저장 28381행 (받은 행 28381)
2026-10-05 16:43:57,787 INFO 2023-06-21~2023-06-27 저장 25484행 (받은 행 25484)
2026-10-05 16:44:10,994 INFO 2023-06-28~2023-07-04 저장 29099행 (받은 행 29099)
2026-10-05 16:44:22,594 INFO 2023-07-05~2023-07-11 저장 20405행 (받은 행 20405)
2026-10-05 16:44:37,342 INFO 2023-07-12~2023-07-18 저장 21514행 (받은 행 21514)
2026-10-05 16:44:50,335 INFO 2023-07-19~2023-07-25 저장 27736행 (받은 행 27736)
2026-10-05 16:45:02,662 INFO 2023-07-26~2023-08-01 저장 26027행 (받은 행 26027)
2026-10-05 16:45:15,374 INFO 2023-08-02~2023-08-08 저장 28337행 (받은 행 28337)
2026-10-05 16:45:29,739 INFO 2023-08-09~2023-08-15 저장 27171행 (받은 행 27171)
2026-10-05 16:45:42,891 INFO 2023-08-16~2023-08-22 저장 26595행 (받은 행 26595)
2026-10-05 16:45:56,766 INFO 2023-08-23~2023-08-29 저장 29183행 (받은 행 29183)
2026-10-05 16:46:09,730 INFO 2023-08-30~2023-09-05 저장 27336행 (받은 행 27336)
2026-10-05 16:46:23,247 INFO 2023-09-06~2023-09-12 저장 28955행 (받은 행 28955)
2026-10-05 16:46:36,565 INFO 2023-09-13~2023-09-19 저장 28608행 (받은 행 28608)
2026-10-05 16:46:49,856 INFO 2023-09-20~2023-09-26 저장 26236행 (받은 행 26236)
2026-10-05 16:47:03,663 INFO 2023-09-27~2023-10-03 저장 21320행 (받은 행 22504)
2026-10-05 16:47:08,156 INFO 2023-10-04~2023-10-05 저장 0행 (받은 행 1107)
2026-10-05 16:47:08,193 INFO 2023 시즌: 받은 주 29, 행 693325, 414초, 실패 1주
2026-10-05 16:47:18,470 INFO 2024-03-15~2024-03-21 저장 690행 (받은 행 20740)
2026-10-05 16:47:28,796 INFO 2024-03-22~2024-03-28 저장 3814행 (받은 행 19246)
2026-10-05 16:47:41,054 INFO 2024-03-29~2024-04-04 저장 25670행 (받은 행 25670)
2026-10-05 16:47:53,779 INFO 2024-04-05~2024-04-11 저장 26293행 (받은 행 26293)
2026-10-05 16:48:07,388 INFO 2024-04-12~2024-04-18 저장 28202행 (받은 행 28202)
2026-10-05 16:48:20,488 INFO 2024-04-19~2024-04-25 저장 28030행 (받은 행 28030)
2026-10-05 16:48:36,851 INFO 2024-04-26~2024-05-02 저장 26664행 (받은 행 26664)
2026-10-05 16:48:50,623 INFO 2024-05-03~2024-05-09 저장 26783행 (받은 행 26783)
2026-10-05 16:49:04,184 INFO 2024-05-10~2024-05-16 저장 27490행 (받은 행 27490)
2026-10-05 16:49:18,448 INFO 2024-05-17~2024-05-23 저장 27450행 (받은 행 27450)
2026-10-05 16:49:30,439 INFO 2024-05-24~2024-05-30 저장 26707행 (받은 행 26707)
2026-10-05 16:49:43,352 INFO 2024-05-31~2024-06-06 저장 26587행 (받은 행 26587)
2026-10-05 16:49:56,507 INFO 2024-06-07~2024-06-13 저장 26921행 (받은 행 26921)
2026-10-05 16:50:09,373 INFO 2024-06-14~2024-06-20 저장 27065행 (받은 행 27065)
2026-10-05 16:50:22,366 INFO 2024-06-21~2024-06-27 저장 26811행 (받은 행 26811)
2026-10-05 16:50:35,983 INFO 2024-06-28~2024-07-04 저장 27501행 (받은 행 27501)
2026-10-05 16:50:49,795 INFO 2024-07-05~2024-07-11 저장 27574행 (받은 행 27574)
2026-10-05 16:51:01,347 INFO 2024-07-12~2024-07-18 저장 13412행 (받은 행 13412)
2026-10-05 16:51:17,088 WARNING 2024-07-19~2024-07-25 실패: Error tokenizing data. C error: Expected 1 fields in line 12, saw 2

2026-10-05 16:51:30,812 INFO 2024-07-26~2024-08-01 저장 27295행 (받은 행 27295)
2026-10-05 16:51:44,759 INFO 2024-08-02~2024-08-08 저장 28161행 (받은 행 28161)
2026-10-05 16:51:58,542 INFO 2024-08-09~2024-08-15 저장 27266행 (받은 행 27266)
2026-10-05 16:52:10,677 INFO 2024-08-16~2024-08-22 저장 27167행 (받은 행 27167)
2026-10-05 16:52:24,342 INFO 2024-08-23~2024-08-29 저장 28435행 (받은 행 28435)
2026-10-05 16:52:38,322 INFO 2024-08-30~2024-09-05 저장 27970행 (받은 행 27970)
2026-10-05 16:52:51,980 INFO 2024-09-06~2024-09-12 저장 26553행 (받은 행 26553)
2026-10-05 16:53:05,282 INFO 2024-09-13~2024-09-19 저장 28603행 (받은 행 28603)
2026-10-05 16:53:17,866 INFO 2024-09-20~2024-09-26 저장 25664행 (받은 행 25664)
2026-10-05 16:53:29,119 INFO 2024-09-27~2024-10-03 저장 13500행 (받은 행 15995)
2026-10-05 16:53:33,702 INFO 2024-10-04~2024-10-05 저장 0행 (받은 행 1255)
2026-10-05 16:53:33,802 INFO 2024 시즌: 받은 주 29, 행 684278, 386초, 실패 1주
2026-10-05 16:53:45,890 INFO 2025-03-15~2025-03-21 저장 631행 (받은 행 30329)
2026-10-05 16:53:57,738 INFO 2025-03-22~2025-03-28 저장 6857행 (받은 행 21181)
2026-10-05 16:54:10,704 INFO 2025-03-29~2025-04-04 저장 26133행 (받은 행 26133)
2026-10-05 16:54:24,128 INFO 2025-04-05~2025-04-11 저장 26367행 (받은 행 26367)
2026-10-05 16:54:36,494 INFO 2025-04-12~2025-04-18 저장 27255행 (받은 행 27255)
2026-10-05 16:54:49,327 INFO 2025-04-19~2025-04-25 저장 26679행 (받은 행 26679)
2026-10-05 16:55:03,795 INFO 2025-04-26~2025-05-02 저장 27907행 (받은 행 27907)
2026-10-05 16:55:18,335 INFO 2025-05-03~2025-05-09 저장 27514행 (받은 행 27514)
2026-10-05 16:55:32,566 INFO 2025-05-10~2025-05-16 저장 26832행 (받은 행 26832)
2026-10-05 16:55:47,437 INFO 2025-05-17~2025-05-23 저장 27408행 (받은 행 27408)
2026-10-05 16:56:02,382 INFO 2025-05-24~2025-05-30 저장 26777행 (받은 행 26777)
2026-10-05 16:56:19,443 INFO 2025-05-31~2025-06-06 저장 27178행 (받은 행 27178)
2026-10-05 16:56:36,473 INFO 2025-06-07~2025-06-13 저장 26935행 (받은 행 26935)
2026-10-05 16:56:52,921 INFO 2025-06-14~2025-06-20 저장 27872행 (받은 행 27872)
2026-10-05 16:57:09,094 INFO 2025-06-21~2025-06-27 저장 26997행 (받은 행 26997)
2026-10-05 16:57:25,418 INFO 2025-06-28~2025-07-04 저장 27371행 (받은 행 27371)
2026-10-05 16:57:41,418 INFO 2025-07-05~2025-07-11 저장 27630행 (받은 행 27630)
2026-10-05 16:57:55,661 INFO 2025-07-12~2025-07-18 저장 12960행 (받은 행 12960)
2026-10-05 16:58:13,368 INFO 2025-07-19~2025-07-25 저장 27083행 (받은 행 27083)
2026-10-05 16:58:30,562 INFO 2025-07-26~2025-08-01 저장 27998행 (받은 행 27998)
2026-10-05 16:58:47,942 INFO 2025-08-02~2025-08-08 저장 26741행 (받은 행 26741)
2026-10-05 16:59:05,336 INFO 2025-08-09~2025-08-15 저장 27649행 (받은 행 27649)
2026-10-05 16:59:20,753 INFO 2025-08-16~2025-08-22 저장 28690행 (받은 행 28690)
2026-10-05 16:59:37,693 INFO 2025-08-23~2025-08-29 저장 27930행 (받은 행 27930)
2026-10-05 16:59:54,847 INFO 2025-08-30~2025-09-05 저장 27677행 (받은 행 27677)
2026-10-05 17:00:12,002 INFO 2025-09-06~2025-09-12 저장 27724행 (받은 행 27724)
2026-10-05 17:00:30,316 INFO 2025-09-13~2025-09-19 저장 28535행 (받은 행 28535)
2026-10-05 17:00:49,196 INFO 2025-09-20~2025-09-26 저장 26438행 (받은 행 26438)
2026-10-05 17:01:03,204 INFO 2025-09-27~2025-10-03 저장 8760행 (받은 행 11931)
2026-10-05 17:01:08,738 INFO 2025-10-04~2025-10-05 저장 0행 (받은 행 1803)
2026-10-05 17:01:08,864 INFO 2025 시즌: 받은 주 30, 행 712528, 455초, 실패 0주
2026-10-05 17:01:24,152 INFO 2026-03-15~2026-03-21 저장 0행 (받은 행 28167)
2026-10-05 17:01:37,649 INFO 2026-03-22~2026-03-28 저장 10590행 (받은 행 20420)
2026-10-05 17:01:53,195 INFO 2026-03-29~2026-04-04 저장 26154행 (받은 행 26154)
2026-10-05 17:02:06,181 INFO 2026-04-05~2026-04-11 저장 28532행 (받은 행 28532)
2026-10-05 17:02:21,126 INFO 2026-04-12~2026-04-18 저장 28481행 (받은 행 28481)
2026-10-05 17:02:36,296 INFO 2026-04-19~2026-04-25 저장 27670행 (받은 행 27670)
2026-10-05 17:02:51,008 INFO 2026-04-26~2026-05-02 저장 27405행 (받은 행 27405)
2026-10-05 17:03:07,071 INFO 2026-05-03~2026-05-09 저장 27060행 (받은 행 27060)
2026-10-05 17:03:22,253 INFO 2026-05-10~2026-05-16 저장 26806행 (받은 행 26806)
2026-10-05 17:03:37,976 INFO 2026-05-17~2026-05-23 저장 27301행 (받은 행 27301)
2026-10-05 17:03:55,160 INFO 2026-05-24~2026-05-30 저장 27264행 (받은 행 27264)
2026-10-05 17:04:10,261 INFO 2026-05-31~2026-06-06 저장 27260행 (받은 행 27260)
2026-10-05 17:04:27,203 INFO 2026-06-07~2026-06-13 저장 27218행 (받은 행 27218)
2026-10-05 17:04:41,257 INFO 2026-06-14~2026-06-20 저장 25822행 (받은 행 25822)
2026-10-05 17:04:56,559 INFO 2026-06-21~2026-06-27 저장 27584행 (받은 행 27584)
2026-10-05 17:05:11,457 INFO 2026-06-28~2026-07-04 저장 27662행 (받은 행 27662)
2026-10-05 17:05:28,008 INFO 2026-07-05~2026-07-11 저장 28535행 (받은 행 28535)
2026-10-05 17:05:42,082 INFO 2026-07-12~2026-07-18 저장 13290행 (받은 행 13290)
2026-10-05 17:05:58,810 INFO 2026-07-19~2026-07-25 저장 28019행 (받은 행 28019)
2026-10-05 17:06:16,191 INFO 2026-07-26~2026-08-01 저장 28848행 (받은 행 28848)
2026-10-05 17:06:32,025 INFO 2026-08-02~2026-08-08 저장 27648행 (받은 행 27648)
2026-10-05 17:06:49,563 INFO 2026-08-09~2026-08-15 저장 27224행 (받은 행 27224)
2026-10-05 17:07:06,940 INFO 2026-08-16~2026-08-22 저장 28246행 (받은 행 28246)
2026-10-05 17:07:23,705 INFO 2026-08-23~2026-08-29 저장 28093행 (받은 행 28093)
2026-10-05 17:07:40,021 INFO 2026-08-30~2026-09-05 저장 28692행 (받은 행 28692)
2026-10-05 17:07:55,280 INFO 2026-09-06~2026-09-12 저장 26699행 (받은 행 26699)
2026-10-05 17:08:11,303 INFO 2026-09-13~2026-09-19 저장 28121행 (받은 행 28121)
2026-10-05 17:08:27,864 INFO 2026-09-20~2026-09-26 저장 26640행 (받은 행 26640)
2026-10-05 17:08:38,571 INFO 2026-09-27~2026-10-03 저장 3928행 (받은 행 7653)
2026-10-05 17:08:41,683 INFO 2026-10-04~2026-10-05 저장 0행 (받은 행 607)
2026-10-05 17:08:41,781 INFO 2026 시즌: 받은 주 30, 행 716792, 453초, 실패 0주
2026-10-05 17:08:41,782 INFO 실패한 2주를 다시 시도
2026-10-05 17:08:51,230 INFO 2023-05-10~2023-05-16 저장 27359행 (받은 행 27359)
2026-10-05 17:09:05,014 INFO 2024-07-19~2024-07-25 저장 27621행 (받은 행 27621)
2026-10-05 17:09:05,291 INFO 전체 완료. 끝까지 실패한 주 0개 []
