2026-10-07 14:26:15,939 INFO 제106회 전국체육대회 18세 이하부(tournament): 경기 14(상세 기록 없는 경기 1), 팀 15, 투수 70, 등판 101(두 번 등판 합친 줄 1), 투구 수 모르는 등판 2
2026-10-07 14:26:15,940 INFO 규정 위반·판정 불가: {'unknown': 2} | 두 번째 이후 등판 31: 연투 5, 최소 휴식만 채우고 등판 3, 휴식 부족 0
2026-10-07 14:32:23,553 INFO 2025 시즌 경기도 고교 공식 경기(season): 경기 265(상세 기록 없는 경기 1), 팀 23, 투수 208, 등판 1500(두 번 등판 합친 줄 18), 투구 수 모르는 등판 2
2026-10-07 14:32:23,555 INFO 규정 위반·판정 불가: {'unknown': 2, 'rest': 1, 'daily_max': 1} | 두 번째 이후 등판 1292: 연투 125, 최소 휴식만 채우고 등판 24, 휴식 부족 1
2026-10-07 14:32:23,562 INFO ACWR 계산 가능 투수 206, 기준(1.5) 초과 경험 143
2026-10-07 14:32:24,677 INFO 제106회 전국체육대회 18세 이하부(tournament): 경기 14(상세 기록 없는 경기 1), 팀 15, 투수 70, 등판 101(두 번 등판 합친 줄 1), 투구 수 모르는 등판 2
2026-10-07 14:32:24,678 INFO 규정 위반·판정 불가: {'unknown': 2} | 두 번째 이후 등판 31: 연투 5, 최소 휴식만 채우고 등판 3, 휴식 부족 0
2026-10-07 14:32:24,685 INFO 선수 실명 대응표 저장: C:\work\private\pitchsignal\kbsa_2025_names.csv
2026-10-07 16:05:14,430 WARNING 기록 페이지가 없는 경기 629개는 뺀다: [34107, 33821, 33848, 33872, 33896, 33950, 33983, 34108, 34098, 33822]
2026-10-07 16:05:15,701 INFO 주말리그에 없어 '기타' 권역으로 둔 팀 1: ['서울아이티고BC']
2026-10-07 16:05:45,777 WARNING 기록 페이지가 없는 경기 617개는 뺀다: [33897, 33951, 33966, 33984, 34099, 33832, 33850, 33874, 33985, 34109]
2026-10-07 16:05:46,850 INFO 주말리그에 없어 '기타' 권역으로 둔 팀 1: ['서울아이티고BC']
2026-10-07 16:05:55,150 INFO 2025 시즌 전국 고교 공식 경기(season): 경기 359(상세 기록 없는 경기 1), 팀 103, 투수 752, 등판 2601(두 번 등판 합친 줄 22), 투구 수 모르는 등판 3
2026-10-07 16:05:55,150 INFO 규정 위반·판정 불가: {'unknown': 3, 'daily_max': 2, 'rest': 1} | 두 번째 이후 등판 1849: 연투 179, 최소 휴식만 채우고 등판 31, 휴식 부족 1
2026-10-07 16:05:55,158 INFO ACWR 계산 가능 투수 198, 기준(1.5) 초과 경험 60 (만성 하한 30구/주), 권역별 팀 수 {'서울': 25, '경기': 23, '경상': 20, '광주·전남': 7, '부산': 6, '충청': 6, '대전·전북': 6, '강원': 5, '서울·인천': 4, '기타': 1}
2026-10-07 16:33:31,758 INFO 주말리그에 없어 '기타' 권역으로 둔 팀 3: ['서울아이티고BC', '세명컴퓨터고야구단', '세종BC(U-18)']
2026-10-07 16:33:42,890 INFO 2025 시즌 전국 고교 공식 경기(season): 경기 973(상세 기록 없는 경기 1), 팀 105, 투수 1024, 등판 7162(두 번 등판 합친 줄 57), 투구 수 모르는 등판 5
2026-10-07 16:33:42,893 INFO 규정 위반·판정 불가: {'daily_max': 5, 'unknown': 5, 'rest': 4} | 두 번째 이후 등판 6138: 연투 436, 최소 휴식만 채우고 등판 138, 휴식 부족 4
2026-10-07 16:33:42,917 INFO ACWR 계산 가능 투수 515, 기준(1.5) 초과 경험 250 (만성 하한 30구/주), 권역별 팀 수 {'서울': 25, '경기': 23, '경상': 20, '광주·전남': 7, '부산': 6, '충청': 6, '대전·전북': 6, '강원': 5, '서울·인천': 4, '기타': 3}
2026-10-07 16:42:19,122 INFO 주말리그에 없어 '기타' 권역으로 둔 팀 3: ['서울아이티고BC', '세명컴퓨터고야구단', '세종BC(U-18)']
2026-10-07 16:42:29,466 INFO 2025 시즌 전국 고교 공식 경기(season): 경기 973(상세 기록 없는 경기 1), 팀 105, 투수 1024, 등판 7162(두 번 등판 합친 줄 57), 투구 수 모르는 등판 5
2026-10-07 16:42:29,468 INFO 규정 위반·판정 불가: {'daily_max': 5, 'unknown': 5, 'rest': 4} | 두 번째 이후 등판 6138: 연투 436, 최소 휴식만 채우고 등판 138, 휴식 부족 4
2026-10-07 16:42:29,479 INFO ACWR 계산 가능 투수 989, 기준(1.5) 초과 경험 699 (만성 하한 0구/주), 권역별 팀 수 {'서울': 25, '경기': 23, '경상': 20, '광주·전남': 7, '부산': 6, '충청': 6, '대전·전북': 6, '강원': 5, '서울·인천': 4, '기타': 3}
2026-10-07 16:42:30,203 INFO 제106회 전국체육대회 18세 이하부(tournament): 경기 14(상세 기록 없는 경기 1), 팀 15, 투수 70, 등판 101(두 번 등판 합친 줄 1), 투구 수 모르는 등판 2
2026-10-07 16:42:30,204 INFO 규정 위반·판정 불가: {'unknown': 2} | 두 번째 이후 등판 31: 연투 5, 최소 휴식만 채우고 등판 3, 휴식 부족 0
2026-10-07 16:42:30,211 INFO 선수 실명 대응표 저장: C:\work\private\pitchsignal\kbsa_2025_names.csv
