2026-10-07 02:37:37,363 INFO 트리플A 받음: Matt Manning (666159) 투구 2221, 경기 49
2026-10-07 02:37:39,013 INFO 트리플A 받음: Jack O'Loughlin (672552) 투구 3618, 경기 67
2026-10-07 02:37:40,586 INFO 트리플A 받음: Ariel Jurado (642558) 투구 0, 경기 0
2026-10-07 02:37:49,104 INFO 트리플A 받음: Yonny Chirinos (630023) 투구 2073, 경기 26
2026-10-07 02:37:50,705 INFO 트리플A 받음: Yacksel Ríos (605441) 투구 996, 경기 52
2026-10-07 02:37:52,332 INFO 트리플A 받음: Matt Sauer (669422) 투구 1645, 경기 28
2026-10-07 02:37:54,036 INFO 트리플A 받음: Caleb Boushley (676961) 투구 5069, 경기 66
2026-10-07 02:37:55,608 INFO 트리플A 받음: Logan Allen (671106) 투구 1175, 경기 15
2026-10-07 02:37:57,179 INFO 트리플A 받음: James Naile (664942) 투구 920, 경기 31
2026-10-07 02:37:59,019 INFO 트리플A 받음: Adam Oller (670124) 투구 2936, 경기 42
2026-10-07 02:38:00,643 INFO 트리플A 받음: Zach Logue (656657) 투구 3106, 경기 51
2026-10-07 02:38:02,226 INFO 트리플A 받음: Chris Flexen (623167) 투구 524, 경기 7
2026-10-07 02:38:03,832 INFO 트리플A 받음: Wes Benjamin (605138) 투구 1918, 경기 28
2026-10-07 02:38:05,497 INFO 트리플A 받음: Owen White (669391) 투구 3976, 경기 62
2026-10-07 02:38:07,084 INFO 트리플A 받음: Elvin Rodríguez (660730) 투구 1459, 경기 39
2026-10-07 02:38:08,659 INFO 트리플A 받음: Jeremy Beasley (676886) 투구 0, 경기 0
2026-10-07 02:38:16,284 INFO 트리플A 받음: Mitch White (669952) 투구 1970, 경기 36
2026-10-07 02:38:17,915 INFO 트리플A 받음: Anthony Veneziano (685107) 투구 3530, 경기 71
2026-10-07 02:38:19,539 INFO 트리플A 받음: Thomas Hatch (641672) 투구 2275, 경기 49
2026-10-07 02:38:21,121 INFO 트리플A 받음: Pedro Ávila (658648) 투구 971, 경기 19
2026-10-07 02:38:22,657 INFO 트리플A 받음: Raúl Alcántara (593417) 투구 0, 경기 0
2026-10-07 02:38:24,329 INFO 트리플A 받음: Nathan Wiles (686249) 투구 4604, 경기 80
2026-10-07 02:38:27,765 INFO 영입 전 점검: 투수 26명(기록 있는 19명), 트리플A 투수-시즌 32개, 트리플A 경보 28건, 검색 목록 3002개
2026-10-07 02:39:14,730 INFO 영입 전 점검: 투수 26명(기록 있는 19명), 트리플A 투수-시즌 32개, 트리플A 경보 28건, 검색 목록 3002개
2026-10-07 13:22:30,420 INFO 트리플A 거래 기록 받음: 2023년 11959건
2026-10-07 13:22:55,095 INFO 트리플A 거래 기록 받음: 2024년 11072건
2026-10-07 13:23:18,335 INFO 트리플A 거래 기록 받음: 2025년 11729건
2026-10-07 13:23:18,416 INFO 트리플A IL 등재(목록 투수): 9건, 부위별 {'unknown': 9}
2026-10-07 13:23:20,196 INFO 영입 전 점검: 투수 26명(기록 있는 19명), 트리플A 투수-시즌 32개, 트리플A 경보 28건, 검색 목록 3002개
